
> money-gram@0.0.0 build
> vite build

vite v3.2.10 building for production...
transforming...
Module level directives cause errors when bundled, 'use client' was ignored.
Module level directives cause errors when bundled, 'use client' was ignored.
Module level directives cause errors when bundled, 'use client' was ignored.
Module level directives cause errors when bundled, 'use client' was ignored.
Module level directives cause errors when bundled, 'use client' was ignored.
Module level directives cause errors when bundled, 'use client' was ignored.
Module level directives cause errors when bundled, 'use client' was ignored.
Module level directives cause errors when bundled, 'use client' was ignored.
Module level directives cause errors when bundled, 'use client' was ignored.
Module level directives cause errors when bundled, 'use client' was ignored.
Module level directives cause errors when bundled, 'use client' was ignored.
Module level directives cause errors when bundled, 'use client' was ignored.
Module level directives cause errors when bundled, 'use client' was ignored.
Module level directives cause errors when bundled, 'use client' was ignored.
Module level directives cause errors when bundled, 'use client' was ignored.
Module level directives cause errors when bundled, 'use client' was ignored.
Module level directives cause errors when bundled, 'use client' was ignored.
Module level directives cause errors when bundled, 'use client' was ignored.
Module level directives cause errors when bundled, 'use client' was ignored.
Module level directives cause errors when bundled, 'use client' was ignored.
Module level directives cause errors when bundled, 'use client' was ignored.
Module level directives cause errors when bundled, 'use client' was ignored.
Module level directives cause errors when bundled, 'use client' was ignored.
Module level directives cause errors when bundled, 'use client' was ignored.
Module level directives cause errors when bundled, 'use client' was ignored.
Module level directives cause errors when bundled, 'use client' was ignored.
Module level directives cause errors when bundled, 'use client' was ignored.
Module level directives cause errors when bundled, 'use client' was ignored.
Module level directives cause errors when bundled, 'use client' was ignored.
Browserslist: caniuse-lite is outdated. Please run:
  npx update-browserslist-db@latest
  Why you should do it regularly: https://github.com/browserslist/update-db#readme
Module level directives cause errors when bundled, 'use client' was ignored.
Module level directives cause errors when bundled, 'use client' was ignored.
Module level directives cause errors when bundled, 'use client' was ignored.
Module level directives cause errors when bundled, 'use client' was ignored.
Module level directives cause errors when bundled, 'use client' was ignored.
Module level directives cause errors when bundled, 'use client' was ignored.
Module level directives cause errors when bundled, 'use client' was ignored.
Module level directives cause errors when bundled, 'use client' was ignored.
Module level directives cause errors when bundled, 'use client' was ignored.
Module level directives cause errors when bundled, 'use client' was ignored.
Module level directives cause errors when bundled, 'use client' was ignored.
Module level directives cause errors when bundled, 'use client' was ignored.
Module level directives cause errors when bundled, 'use client' was ignored.
Module level directives cause errors when bundled, 'use client' was ignored.
Module level directives cause errors when bundled, 'use client' was ignored.
Module level directives cause errors when bundled, 'use client' was ignored.
Module level directives cause errors when bundled, 'use client' was ignored.
Module level directives cause errors when bundled, 'use client' was ignored.
Module level directives cause errors when bundled, 'use client' was ignored.
Module level directives cause errors when bundled, 'use client' was ignored.
Module level directives cause errors when bundled, 'use client' was ignored.
Module level directives cause errors when bundled, 'use client' was ignored.
Module level directives cause errors when bundled, 'use client' was ignored.
